// Jest Snapshot v1, https://goo.gl/fbAQLP

exports[`renders correctly 1`] = `
Array [
  <nav
    className="navbar navbar-expand-lg navbar-dark bg-dark sticky-top"
  >
    <div
      className="container"
    >
      <span
        className="NavTitle navbar-brand"
      >
        <a
          aria-current="page"
          className="active"
          href="/"
          onClick={[Function]}
        >
          Movies
        </a>
      </span>
      <button
        aria-controls="basic-navbar-nav"
        aria-label="Toggle navigation"
        className="navbar-toggler collapsed"
        onClick={[Function]}
        type="button"
      >
        <span
          className="navbar-toggler-icon"
        />
      </button>
      <div
        aria-expanded={null}
        className="navbar-collapse collapse"
        id="basic-navbar-nav"
      >
        <div
          className="me-auto NavBar navbar-nav"
          onKeyDown={[Function]}
        >
          <a
            aria-current="page"
            className="NavSubTitle active"
            href="/"
            onClick={[Function]}
          >
            Home
          </a>
          <a
            className="NavSubTitle"
            href="/about"
            onClick={[Function]}
          >
            About
          </a>
        </div>
        <div
          className="designContainer"
        >
          <p>
            Designed by
             
            <a
              href="https://myport20.netlify.app/"
              rel="noreferrer"
              target="_blank"
            >
              <b>
                ITALO
              </b>
            </a>
          </p>
        </div>
      </div>
    </div>
  </nav>,
  <main>
    <div>
      <h2
        className="title"
      >
        Categories
      </h2>
      <ul
        className="moviesGrid"
      />
      <div
        className="button"
      />
    </div>
  </main>,
]
`;
