// Jest Snapshot v1, https://goo.gl/fbAQLP

exports[`renders correctly 1`] = `
<div
  className="designContainer"
>
  <p>
    Designed by
     
    <a
      href="https://myport20.netlify.app/"
      rel="noreferrer"
      target="_blank"
    >
      <b>
        ITALO
      </b>
    </a>
  </p>
</div>
`;
