// Jest Snapshot v1, https://goo.gl/fbAQLP

exports[`My Connected React-Redux Component renders correctly 1`] = `
<div
  className="divFlex"
  data-testid="SearchCat"
>
  <input
    className="inputFlex"
    onChange={[Function]}
    placeholder="Search by category..."
    type="text"
  />
</div>
`;
